// Jest Snapshot v1, https://goo.gl/fbAQLP

exports[`<Modal> render Modal 1`] = `
<div
  class="StyledModal-fVUsjq fmUXao"
  height="auto"
  width="600px"
>
  <div
    class="containerHidden"
  >
    <div
      class="panelHidden"
    />
    <div
      class="maskHidden"
    />
  </div>
</div>
`;
